Microchip MPLAB XC8 Compiler V2.40

Linker command line:

-W-3 --edf=/opt/microchip/xc8/v2.40/pic/dat/20220703182018_en.msgs -cn \
  -h+dist/default/production/LedK22.production.sym \
  --cmf=dist/default/production/LedK22.production.cmf -z -Q18F26K22 \
  -o/tmp/xcXEmBlAd --defsym=__MPLAB_BUILD=1 --fixupoverflow=error \
  -Mdist/default/production/LedK22.production.map --md=/tmp/xcXahLMgF.dat \
  -E1 -ver=XC8 Compiler --acfsm=1493 -p_version_text=F00000h \
  -ACODE=00h-0FFFFh -ACONST=00h-0FFFFh -ASMALLCONST=01000h-010FFhx240 \
  -AMEDIUMCONST=01000h-0FFFFh -ACOMRAM=01h-05Fh -AABS1=00h-0F37h \
  -ABIGRAM=01h-0F37h -ARAM=060h-0FFh,0100h-01FFhx14,0F00h-0F37h \
  -ABANK0=060h-0FFh -ABANK1=0100h-01FFh -ABANK2=0200h-02FFh \
  -ABANK3=0300h-03FFh -ABANK4=0400h-04FFh -ABANK5=0500h-05FFh \
  -ABANK6=0600h-06FFh -ABANK7=0700h-07FFh -ABANK8=0800h-08FFh \
  -ABANK9=0900h-09FFh -ABANK10=0A00h-0AFFh -ABANK11=0B00h-0BFFh \
  -ABANK12=0C00h-0CFFh -ABANK13=0D00h-0DFFh -ABANK14=0E00h-0EFFh \
  -ABANK15=0F00h-0F37h -ASFR=0F38h-0F5Fh,0F60h-0FFFh -ABIGSFR=0F38h-0FFFh \
  -ACONFIG=0300000h-030000Dh -AIDLOC=0200000h-0200007h \
  -AEEDATA=0F00000h-0F003FFh -peeprom_data=EEDATA \
  -preset_vec=00h,intcode=08h,intcodelo,powerup,init -pramtop=01000h \
  -psmallconst=SMALLCONST -pmediumconst=MEDIUMCONST -pconst=CONST \
  -AFARRAM=00h-00h \
  -prdata=COMRAM,nvrram=COMRAM,nvbit=COMRAM,rbss=COMRAM,rbit=COMRAM \
  -pfarbss=FARRAM,fardata=FARRAM,nvFARRAM=FARRAM \
  -pintsave_regs=BIGRAM,bigbss=BIGRAM,bigdata=BIGRAM -pbss=RAM \
  -pidata=CODE,irdata=CODE,ibigdata=CODE,ifardata=CODE -prparam=COMRAM \
  /tmp/xcXOPdEme.o dist/default/production/LedK22.production.o 

Object code version is 3.11

Machine type is 18F26K22



                Name                               Link     Load   Length Selector   Space Scale
/tmp/xcXOPdEme.o
                idloc                            200000   200000        8        0       5
                config                           300000   300000        E        0       4
                init                                 6E       6E        4        4       0
                reset_vec                             0        0        4        0       0
dist/default/production/LedK22.production.o
                intcode                               8        8       66        4       0
                idloc                            200000   200000        8        0       5
                config                           300000   300000        E        0       4
                temp                                 33       33        1        1       1
                smallconst                         1000     1000        2      800       0
                text10                             1002     1002      39A      801       0
                text9                              1550     1550      106      801       0
                text8                              139C     139C      1B4      801       0
                text6                              16CC     16CC        C      801       0
                text5                              1694     1694       14      801       0
                text4                              16BA     16BA       12      801       0
                text3                              16E2     16E2        A      801       0
                text2                              16A8     16A8       12      801       0
                text1                              1678     1678       1C      801       0
                text0                              1656     1656       22      801       0
                cstackCOMRAM                          1        1       32        1       1
                cstackBANK0                          63       63        2       63       1
                cinit                              16D8     16D8        A      801       0
                _version_text                    F00000   F00000       1C   780000       0

TOTAL           Name                               Link     Load   Length     Space
        CLASS   CODE           
                intcode                               8        8       66         0
                init                                 6E       6E        4         0
                reset_vec                             0        0        4         0
                text10                             1002     1002      39A         0
                text9                              1550     1550      106         0
                text8                              139C     139C      1B4         0
                text6                              16CC     16CC        C         0
                text5                              1694     1694       14         0
                text4                              16BA     16BA       12         0
                text3                              16E2     16E2        A         0
                text2                              16A8     16A8       12         0
                text1                              1678     1678       1C         0
                text0                              1656     1656       22         0
                cinit                              16D8     16D8        A         0
                _version_text                    F00000   F00000       1C         0

        CLASS   CONST          

        CLASS   SMALLCONST     
                smallconst                         1000     1000        2         0

        CLASS   MEDIUMCONST    

        CLASS   COMRAM         
                temp                                 33       33        1         1
                cstackCOMRAM                          1        1       32         1

        CLASS   ABS1           
                abs_s1                               60       60        3         1

        CLASS   BIGRAM         

        CLASS   RAM            

        CLASS   BANK0          
                cstackBANK0                          63       63        2         1

        CLASS   BANK1          

        CLASS   BANK2          

        CLASS   BANK3          

        CLASS   BANK4          

        CLASS   BANK5          

        CLASS   BANK6          

        CLASS   BANK7          

        CLASS   BANK8          

        CLASS   BANK9          

        CLASS   BANK10         

        CLASS   BANK11         

        CLASS   BANK12         

        CLASS   BANK13         

        CLASS   BANK14         

        CLASS   BANK15         

        CLASS   SFR            

        CLASS   BIGSFR         

        CLASS   CONFIG         
                config                           300000   300000        E         4

        CLASS   IDLOC          
                idloc                            200000   200000        8         5

        CLASS   EEDATA         

        CLASS   FARRAM         

        CLASS   HEAP           

        CLASS   STACK          



SEGMENTS        Name                           Load    Length   Top    Selector   Space  Class

                cstackCOMRAM                   000001  000033  000034         1       1  COMRAM  
                reset_vec                      000000  000004  000004         0       0  CODE    
                cstackBANK0                    000063  000002  000065        63       1  BANK0   
                text10                         001002  0006EA  0016EC       801       0  CODE    
                _version_text                  F00000  00001C  F0001C    780000       0  CODE    
                smallconst                     001000  000002  001002       800       0  SMALLCON
                intcode                        000008  00006A  000072         4       0  CODE    


UNUSED ADDRESS RANGES

        Name                Unused          Largest block    Delta
        BANK0            000065-0000FF               9B
        BANK1            000100-0001FF              100
        BANK10           000A00-000AFF              100
        BANK11           000B00-000BFF              100
        BANK12           000C00-000CFF              100
        BANK13           000D00-000DFF              100
        BANK14           000E00-000EFF              100
        BANK15           000F00-000F37               38
        BANK2            000200-0002FF              100
        BANK3            000300-0003FF              100
        BANK4            000400-0004FF              100
        BANK5            000500-0005FF              100
        BANK6            000600-0006FF              100
        BANK7            000700-0007FF              100
        BANK8            000800-0008FF              100
        BANK9            000900-0009FF              100
        BIGRAM           000034-00005F               2C
                         000065-000F37              ED3
        BIGSFR           000F38-000FFF               C8
        CODE             000004-000007                4
                         000072-000FFF              F8E
                         0016EC-00FFFF             E914
        COMRAM           000034-00005F               2C
        CONST            000004-000007                4
                         000072-000FFF              F8E
                         0016EC-00FFFF             E914
        EEDATA           F0001C-F003FF              3E4
        MEDIUMCONST      0016EC-00FFFF             E914
        RAM              000065-000F37              100
        SFR              000F38-000FFF               28
        SMALLCONST       0016EC-00FFFF              100

                                  Symbol Table

?___fldiv                cstackCOMRAM  00000F
?___fltol                cstackCOMRAM  000028
?___xxtofl               cstackCOMRAM  000001
ISR@valccp1              cstackCOMRAM  000032
_ADCON0                  (abs)         000FC2
_ADCON0bits              (abs)         000FC2
_ADCON1                  (abs)         000FC1
_ADCON2                  (abs)         000FC0
_ADRESH                  (abs)         000FC4
_ANSELA                  (abs)         000F38
_CCP1CON                 (abs)         000FBD
_CCPR1L                  (abs)         000FBE
_CCPTMRS0                (abs)         000F49
_INTCONbits              (abs)         000FF2
_ISR                     intcode       000008
_InitPic                 text6         0016CC
_OSCCON                  (abs)         000FD3
_PIE1bits                (abs)         000F9D
_PIR1bits                (abs)         000F9E
_PR2                     (abs)         000FBB
_STATM                   (abs)         000060
_STATMbits               (abs)         000060
_T2CON                   (abs)         000FBA
_TMR2                    (abs)         000FBC
_TRISA                   (abs)         000F92
_TRISCbits               (abs)         000F94
__HRAM                   (abs)         000000
__H_version_text         _version_text F0001C
__Habs1                  abs1          000000
__Hbank0                 bank0         000000
__Hbank1                 bank1         000000
__Hbank10                bank10        000000
__Hbank11                bank11        000000
__Hbank12                bank12        000000
__Hbank13                bank13        000000
__Hbank14                bank14        000000
__Hbank15                bank15        000000
__Hbank2                 bank2         000000
__Hbank3                 bank3         000000
__Hbank4                 bank4         000000
__Hbank5                 bank5         000000
__Hbank6                 bank6         000000
__Hbank7                 bank7         000000
__Hbank8                 bank8         000000
__Hbank9                 bank9         000000
__Hbigbss                bigbss        000000
__Hbigdata               bigdata       000000
__Hbigram                bigram        000000
__Hbigsfr                bigsfr        000000
__Hbss                   bss           000000
__Hcinit                 cinit         000000
__Hclrtext               clrtext       000000
__Hcomram                comram        000000
__Hconfig                config        30000E
__Hconst                 const         000000
__HcstackBANK0           cstackBANK0   000000
__HcstackCOMRAM          cstackCOMRAM  000000
__Hdata                  data          000000
__Heeprom_data           eeprom_data   000000
__Hfarbss                farbss        000000
__Hfardata               fardata       000000
__Hheap                  heap          000000
__Hibigdata              ibigdata      000000
__Hidata                 idata         000000
__Hidloc                 idloc         200008
__Hifardata              ifardata      000000
__Hinit                  init          000072
__Hintcode               intcode       00006E
__Hintcode_body          intcode_body  000000
__Hintcodelo             intcodelo     00006E
__Hintentry              intentry      000000
__Hintret                intret        000000
__Hintsave_regs          intsave_regs  000000
__Hirdata                irdata        000000
__Hmediumconst           mediumconst   000000
__HnvFARRAM              nvFARRAM      000000
__Hnvbit                 nvbit         000000
__Hnvrram                nvrram        000000
__Hparam                 rparam        000000
__Hpowerup               powerup       00006E
__Hram                   ram           000000
__Hramtop                ramtop        001000
__Hrbit                  rbit          000000
__Hrbss                  rbss          000000
__Hrdata                 rdata         000000
__Hreset_vec             reset_vec     000004
__Hrparam                rparam        000000
__Hsfr                   sfr           000000
__Hsmallconst            smallconst    001002
__Hspace_0               (abs)         F0001C
__Hspace_1               (abs)         000065
__Hspace_2               (abs)         000000
__Hspace_4               (abs)         60000E
__Hstack                 stack         000000
__Hstruct                struct        000000
__Htemp                  temp          000034
__Htext                  text          000000
__Htext0                 text0         000000
__Htext1                 text1         000000
__Htext10                text10        000000
__Htext2                 text2         000000
__Htext3                 text3         000000
__Htext4                 text4         000000
__Htext5                 text5         000000
__Htext6                 text6         000000
__Htext8                 text8         000000
__Htext9                 text9         000000
__LRAM                   (abs)         000001
__L_version_text         _version_text F00000
__Labs1                  abs1          000000
__Lbank0                 bank0         000000
__Lbank1                 bank1         000000
__Lbank10                bank10        000000
__Lbank11                bank11        000000
__Lbank12                bank12        000000
__Lbank13                bank13        000000
__Lbank14                bank14        000000
__Lbank15                bank15        000000
__Lbank2                 bank2         000000
__Lbank3                 bank3         000000
__Lbank4                 bank4         000000
__Lbank5                 bank5         000000
__Lbank6                 bank6         000000
__Lbank7                 bank7         000000
__Lbank8                 bank8         000000
__Lbank9                 bank9         000000
__Lbigbss                bigbss        000000
__Lbigdata               bigdata       000000
__Lbigram                bigram        000000
__Lbigsfr                bigsfr        000000
__Lbss                   bss           000000
__Lcinit                 cinit         000000
__Lclrtext               clrtext       000000
__Lcomram                comram        000000
__Lconfig                config        000000
__Lconst                 const         000000
__LcstackBANK0           cstackBANK0   000000
__LcstackCOMRAM          cstackCOMRAM  000000
__Ldata                  data          000000
__Leeprom_data           eeprom_data   000000
__Lfarbss                farbss        000000
__Lfardata               fardata       000000
__Lheap                  heap          000000
__Libigdata              ibigdata      000000
__Lidata                 idata         000000
__Lidloc                 idloc         000000
__Lifardata              ifardata      000000
__Linit                  init          00006E
__Lintcode               intcode       000008
__Lintcode_body          intcode_body  000000
__Lintcodelo             intcodelo     00006E
__Lintentry              intentry      000000
__Lintret                intret        000000
__Lintsave_regs          intsave_regs  000000
__Lirdata                irdata        000000
__Lmediumconst           mediumconst   000000
__LnvFARRAM              nvFARRAM      000000
__Lnvbit                 nvbit         000000
__Lnvrram                nvrram        000000
__Lparam                 rparam        000000
__Lpowerup               powerup       00006E
__Lram                   ram           000000
__Lramtop                ramtop        001000
__Lrbit                  rbit          000000
__Lrbss                  rbss          000000
__Lrdata                 rdata         000000
__Lreset_vec             reset_vec     000000
__Lrparam                rparam        000000
__Lsfr                   sfr           000000
__Lsmallconst            smallconst    001000
__Lspace_0               (abs)         000000
__Lspace_1               (abs)         000000
__Lspace_2               (abs)         000000
__Lspace_4               (abs)         000000
__Lstack                 stack         000000
__Lstruct                struct        000000
__Ltemp                  temp          000033
__Ltext                  text          000000
__Ltext0                 text0         000000
__Ltext1                 text1         000000
__Ltext10                text10        000000
__Ltext2                 text2         000000
__Ltext3                 text3         000000
__Ltext4                 text4         000000
__Ltext5                 text5         000000
__Ltext6                 text6         000000
__Ltext8                 text8         000000
__Ltext9                 text9         000000
__S0                     (abs)         0016EC
__S1                     (abs)         000065
__S4                     (abs)         000000
__S5                     (abs)         000000
___fldiv                 text10        001002
___fldiv@a               cstackCOMRAM  000013
___fldiv@aexp            cstackCOMRAM  000027
___fldiv@b               cstackCOMRAM  00000F
___fldiv@bexp            cstackCOMRAM  000026
___fldiv@grs             cstackCOMRAM  000022
___fldiv@new_exp         cstackCOMRAM  000020
___fldiv@rem             cstackCOMRAM  00001B
___fldiv@sign            cstackCOMRAM  00001F
___fltol                 text9         001550
___fltol@exp1            cstackCOMRAM  000031
___fltol@f1              cstackCOMRAM  000028
___fltol@sign1           cstackCOMRAM  000030
___heap_hi               (abs)         000000
___heap_lo               (abs)         000000
___inthi_sp              stack         000000
___intlo_sp              stack         000000
___param_bank            (abs)         000000
___rparam_used           (abs)         000001
___sp                    stack         000000
___xxtofl                text8         00139C
___xxtofl@arg            cstackCOMRAM  00000B
___xxtofl@exp            cstackCOMRAM  00000A
___xxtofl@sign           cstackCOMRAM  000009
___xxtofl@val            cstackCOMRAM  000001
__accesstop              (abs)         000060
__activetblptr           (abs)         000003
__end_of_ISR             intcode       00006E
__end_of_InitPic         text6         0016D8
__end_of___fldiv         text10        00139C
__end_of___fltol         text9         001656
__end_of___xxtofl        text8         001550
__end_of__initialization cinit         0016D8
__end_of_initADC         text5         0016A8
__end_of_initPWM         text4         0016CC
__end_of_init_interup    text3         0016EC
__end_of_init_timer      text2         0016BA
__end_of_lecturAn        text1         001694
__end_of_main            text0         001678
__end_of_version         _version_text F0001C
__initialization         cinit         0016D8
__mediumconst            mediumconst   000000
__p_version_text         _version_text F00000
__pcinit                 cinit         0016D8
__pcstackBANK0           cstackBANK0   000063
__pcstackCOMRAM          cstackCOMRAM  000001
__pintcode               intcode       000008
__psmallconst            smallconst    001000
__ptext0                 text0         001656
__ptext1                 text1         001678
__ptext10                text10        001002
__ptext2                 text2         0016A8
__ptext3                 text3         0016E2
__ptext4                 text4         0016BA
__ptext5                 text5         001694
__ptext6                 text6         0016CC
__ptext8                 text8         00139C
__ptext9                 text9         001550
__ramtop                 ramtop        001000
__smallconst             smallconst    001000
_cpt                     (abs)         000061
_initADC                 text5         001694
_initPWM                 text4         0016BA
_init_interup            text3         0016E2
_init_timer              text2         0016A8
_lecturAn                text1         001678
_main                    text0         001656
_version                 _version_text F00000
_version_absaddr         (abs)         F00000
btemp                    temp          000033
end_of_initialization    cinit         0016D8
int$flags                temp          000033
intlevel0                text          000000
intlevel1                text          000000
intlevel2                text          000000
intlevel3                text          000000
isa$std                  (abs)         000001
isa$xinst                (abs)         000000
lecturAn@port            cstackBANK0   000064
stackhi                  (abs)         000000
stacklo                  (abs)         000000
start                    init          00006E
start_initialization     cinit         0016D8
ttemp5                   temp          000034
ttemp6                   temp          000037
ttemp7                   temp          00003B
wtemp8                   temp          000034


MODULE INFORMATION

Module		Function		Class		Link	Load	Size
/opt/microchip/xc8/v2.40/pic/sources/c90/common/fltol.c
		___fltol       		CODE           	1550	0000	262

/opt/microchip/xc8/v2.40/pic/sources/c90/common/fltol.c estimated size: 262

/opt/microchip/xc8/v2.40/pic/sources/c90/common/sprcdiv.c
		___fldiv       		CODE           	1002	0000	922

/opt/microchip/xc8/v2.40/pic/sources/c90/common/sprcdiv.c estimated size: 922

/opt/microchip/xc8/v2.40/pic/sources/c90/common/xxtofl.c
		___xxtofl      		CODE           	139C	0000	436

/opt/microchip/xc8/v2.40/pic/sources/c90/common/xxtofl.c estimated size: 436

LedK22.c
		_ISR           		CODE           	0008	0000	102
		_init_interup  		CODE           	16E2	0000	10
		_main          		CODE           	1656	0000	34
		_init_timer    		CODE           	16A8	0000	18
		_lecturAn      		CODE           	1678	0000	28
		_InitPic       		CODE           	16CC	0000	12
		_initPWM       		CODE           	16BA	0000	18
		_initADC       		CODE           	1694	0000	20

LedK22.c estimated size: 242

shared
		_version       		CODE           	F00000	0000	28
		__initialization		CODE           	16D8	0000	1

shared estimated size: 29

